{
    "description": [
        {
            "language": "en",
            "text": "Machine consisting of multiple parts which are assets provided by different companies"
        },
        {
            "language": "de",
            "text": "Maschine bestehend aus mehreren Assets, welche von verschiedenen anderen Firmen bereitgestellt werden"
        }
    ],
    "displayName": [
        {
            "language": "en",
            "text": "Composite Machine"
        },
        {
            "language": "de",
            "text": "Verbundmaschine"
        }
    ],
    "specificAssetIds": [
        {
            "name": "h1",
            "value": "value",
            "semanticId": {
                "type": "ModelReference"
            },
            "supplementalSemanticIds": [
                {
                    "type": "ModelReference"
                }
            ]
        }
    ],
    "administration": {
        "version": "1",
        "revision": "1"

    },
    "assetKind": "Instance",
    "assetType": "machine",
    "endpoints": [
        {
            "interface": "AAS-3.0",
            "protocolInformation": {
                "href": "https://demo3.digital-twin.host/aas-environment/shells/aHR0cHM6Ly9pZXNlLmZyYXVuaG9mZXIuZGUvaWRzL2Fhcy83NjA5XzQxMTZfMTYyMF8yN1Tk5",
                "endpointProtocol": "https",
                "subprotocol": "lol",
                "subprotocolBody": "lil",
                "subprotocolBodyEncoding": "dsoinf",
                "securityAttributes": [
                    {
                        "type": "NONE",
                        "key": "dofijs",
                        "value": "NONE"
                    }
                ]
            }
        }
    ],
    "globalAssetId": "https://iese.fraunhofer.de/ids/asset/5079_8944_8914_9414",
    "idShort": "machine",
    "id": "https://iese.fraunhofer.de/ids/aas/2333",
    "submodelDescriptors": [
        {
            "id": "https://iese.fraunhofer.de/ids/aas/22335",
            "endpoints": [
                {
                    "interface": "AAS-3.0",
                    "protocolInformation": {
                        "href": "https://demo3.digital-twin.host/aas-environment/shells/aHR0cHM6Ly9pZXNlLmZyYXVuaG9mZXIuZGUvaWRzL2Fhcy83NjA5XzQxMTZfMTYyMF8yNTk15",
                        "endpointProtocol": "https"
                    }
                }
            ],
            "extensions": [
                {
                    "name": "help",
                    "valueType": "xs:string",
                    "value": "test"
                }
            ]
        }
    ]
}