{
    "PagingMetadata": {},
    "Result": [
        {
            "id": "https://iese.fraunhofer.de/ids/aas/22335",
            "assetKind": "Type",
            "AssetType": "gigachad",
            "endpoints": [
                {
                    "interface": "AAS-3.0",
                    "protocolInformation": {
                        "href": "https://demo3.digital-twin.host/aas-environment/shells/aHR0cHM6Ly9pZXNlLmZyYXVuaG9mZXIuZGUvaWRzL2Fhcy83NjA5XzQxMTZfMTYyMF8yNTk15",
                        "endpointProtocol": "https"
                    }
                }
            ],
            "extensions": [
                {
                    "name": "help",
                    "valueType": "xs:string",
                    "value": "test"
                }
            ]
        },{
            "id": "https://iese.fraunhofer.de/ids/aas/34hzeaw",
            "assetKind": "Type",
            "AssetType": "betachad",
            "endpoints": [
                {
                    "interface": "AAS-3.0",
                    "protocolInformation": {
                        "href": "https://demo3.digital-twin.host/aas-environment/shells/aHR0cHM6Ly9pZXNlLmZyYXVuaG9mZXIuZGUvaWRzL2Fhcy83NjA5XzQxMTZfMTYyMF8yNTk15",
                        "endpointProtocol": "https"
                    }
                }
            ],
            "extensions": [
                {
                    "name": "lol",
                    "valueType": "xs:string",
                    "value": "kopf"
                }
            ]
        },{
            "id": "https://iese.fraunhofer.de/ids/aas/3657le6d",
            "assetKind": "Instance",
            "AssetType": "betachad",
            "endpoints": [
                {
                    "interface": "AAS-3.0",
                    "protocolInformation": {
                        "href": "https://demo3.digital-twin.host/aas-environment/shells/aHR0cHM6Ly9pZXNlLmZyYXVuaG9mZXIuZGUvaWRzL2Fhcy83NjA5XzQxMTZfMTYyMF8yNTk15",
                        "endpointProtocol": "https"
                    }
                }
            ],
            "extensions": [
                {
                    "name": "helpme",
                    "valueType": "xs:string",
                    "value": "LUL"
                }
            ]
        },{
            "id": "https://iese.fraunhofer.de/ids/aas/w456kjw5k6z",
            "assetKind": "Instance",
            "AssetType": "gigachad",
            "endpoints": [
                {
                    "interface": "AAS-3.0",
                    "protocolInformation": {
                        "href": "https://demo3.digital-twin.host/aas-environment/shells/aHR0cHM6Ly9pZXNlLmZyYXVuaG9mZXIuZGUvaWRzL2Fhcy83NjA5XzQxMTZfMTYyMF8yNTk15",
                        "endpointProtocol": "https"
                    }
                }
            ],
            "extensions": [
                {
                    "name": "factorio",
                    "valueType": "xs:string",
                    "value": "gaming"
                }
            ]
        }
    ]
}