{
    "idShort": "2",
    "modelType": "Property",
    "valueType": "xs:string",
    "value": "12"
}