{
    "message": "Fetched data successfully",
    "data": {
        "args": {},
        "headers": {
            "Accept": "application/json",
            "Host": "httpbin.org",
            "User-Agent": "axios/1.6.0"
        },
        "origin": "127.0.0.1",
        "url": "https://httpbin.org/get"
    }
}